0xABCC
0x1187
0x1266
0x14BA
0x1730
0x1B70
0x5187
0x5266
0x54BA
0x5730
0x5B70
0x09F5
0x0861
0x0846
0xFFFFFFBA
0x0870
0xFFFFFF90
0x05EF
0x045B
0x0446
0xFFFFFFBA
0x0470
0xFFFFFF90
0x03E9
0x0255
0x0246
0xFFFFFFBA
0x0270
0xFFFFFF90
0x0FE3
0x0E4F
0x0E46
0xFFFFFFBA
0x0E70
0xFFFFFF90
0x07DD
0x0649
0x0646
0xFFFFFFBA
0x0670
0xFFFFFF90
0x0BD7
0x0A43
0x0A46
0xFFFFFFBA
0x0A70
0xFFFFFF90
0x0DD1
0x0C3D
0x0C46
0xFFFFFFBA
0x0C70
0xFFFFFF90
0x0FCB
0x0E37
0x0E46
0xFFFFFFBA
0x0E70
0xFFFFFF90
0xC080
0xC1C0
0x4FC3
0x482F
0x4846
0xFFFFFFBA
0x4870
0xFFFFFF90
0x4140
0x205E
0x24E2
0x2945
0x2DFB
0x605E
0x64E2
0x6945
0x6DFB
0xE023
0xE3B3
0xE446
0xFFFFFFBA
0xE870
0xFFFFFF90
0x907F
0x8000
0xD046
0xD4CA
0xD946
0xDDCA
0xD056
0xD4DA
0xD956
0xDDDA
0xD076
0xD4FA
0xD976
0xDDFA
0x305E
0x34E2
0x3945
0x3DFB
0x705E
0x74E2
0x7945
0x7DFB
0xF025
0xF0DE
0x9187
0x9266
0x94BA
0x9730
0x9B70
0xF025
0xFFFF
